[0.283s] DEBUG:colcon:Command line arguments: ['/usr/bin/colcon', 'list', '-p', '--base-paths', '/home/epsilon/LOpencv/0831/ws']
[0.283s] DEBUG:colcon:Parsed command line arguments: Namespace(log_base=None, log_level=None, verb_name='list', build_base='build', ignore_user_meta=False, metas=['./colcon.meta'], base_paths=['/home/epsilon/LOpencv/0831/ws'], packages_ignore=None, packages_ignore_regex=None, paths=None, packages_up_to=None, packages_up_to_regex=None, packages_above=None, packages_above_and_dependencies=None, packages_above_depth=None, packages_select_by_dep=None, packages_skip_by_dep=None, packages_skip_up_to=None, packages_select_build_failed=False, packages_skip_build_finished=False, packages_select_test_failures=False, packages_skip_test_passed=False, packages_select=None, packages_skip=None, packages_select_regex=None, packages_skip_regex=None, packages_start=None, packages_end=None, allow_overriding=[], topological_order=False, names_only=False, paths_only=True, topological_graph=False, topological_graph_dot=False, topological_graph_density=False, topological_graph_legend=False, topological_graph_dot_cluster=False, topological_graph_dot_include_skipped=False, mixin_files=None, mixin=None, verb_parser=<colcon_mixin.mixin.mixin_argument.MixinArgumentDecorator object at 0x7a45a6e55e70>, verb_extension=<colcon_package_information.verb.list.ListVerb object at 0x7a45a6f6a680>, main=<bound method ListVerb.main of <colcon_package_information.verb.list.ListVerb object at 0x7a45a6f6a680>>, mixin_verb=('list',))
[0.388s] Level 1:colcon.colcon_core.package_discovery:discover_packages(colcon_meta) check parameters
[0.388s] Level 1:colcon.colcon_core.package_discovery:discover_packages(recursive) check parameters
[0.388s] Level 1:colcon.colcon_core.package_discovery:discover_packages(ignore) check parameters
[0.388s] Level 1:colcon.colcon_core.package_discovery:discover_packages(path) check parameters
[0.388s] Level 1:colcon.colcon_core.package_discovery:discover_packages(recursive) discover
[0.388s] INFO:colcon.colcon_core.package_discovery:Crawling recursively for packages in '/home/epsilon/LOpencv/0831/ws'
[0.388s] Level 1:colcon.colcon_core.package_identification:_identify(/home/epsilon/LOpencv/0831/ws) by extensions ['ignore', 'ignore_ament_install']
[0.388s] Level 1:colcon.colcon_core.package_identification:_identify(/home/epsilon/LOpencv/0831/ws) by extension 'ignore'
[0.388s] Level 1:colcon.colcon_core.package_identification:_identify(/home/epsilon/LOpencv/0831/ws) by extension 'ignore_ament_install'
[0.389s] Level 1:colcon.colcon_core.package_identification:_identify(/home/epsilon/LOpencv/0831/ws) by extensions ['colcon_pkg']
[0.389s] Level 1:colcon.colcon_core.package_identification:_identify(/home/epsilon/LOpencv/0831/ws) by extension 'colcon_pkg'
[0.389s] Level 1:colcon.colcon_core.package_identification:_identify(/home/epsilon/LOpencv/0831/ws) by extensions ['colcon_meta']
[0.389s] Level 1:colcon.colcon_core.package_identification:_identify(/home/epsilon/LOpencv/0831/ws) by extension 'colcon_meta'
[0.389s] Level 1:colcon.colcon_core.package_identification:_identify(/home/epsilon/LOpencv/0831/ws) by extensions ['ros']
[0.389s] Level 1:colcon.colcon_core.package_identification:_identify(/home/epsilon/LOpencv/0831/ws) by extension 'ros'
[0.397s] Level 1:colcon.colcon_core.package_identification:_identify(/home/epsilon/LOpencv/0831/ws) by extensions ['cmake', 'python']
[0.397s] Level 1:colcon.colcon_core.package_identification:_identify(/home/epsilon/LOpencv/0831/ws) by extension 'cmake'
[0.397s] Level 1:colcon.colcon_core.package_identification:_identify(/home/epsilon/LOpencv/0831/ws) by extension 'python'
[0.397s] Level 1:colcon.colcon_core.package_identification:_identify(/home/epsilon/LOpencv/0831/ws) by extensions ['python_setup_py']
[0.397s] Level 1:colcon.colcon_core.package_identification:_identify(/home/epsilon/LOpencv/0831/ws) by extension 'python_setup_py'
[0.397s] Level 1:colcon.colcon_core.package_identification:_identify(/home/epsilon/LOpencv/0831/ws/build) by extensions ['ignore', 'ignore_ament_install']
[0.398s] Level 1:colcon.colcon_core.package_identification:_identify(/home/epsilon/LOpencv/0831/ws/build) by extension 'ignore'
[0.398s] Level 1:colcon.colcon_core.package_identification:_identify(/home/epsilon/LOpencv/0831/ws/build) ignored
[0.398s] Level 1:colcon.colcon_core.package_identification:_identify(/home/epsilon/LOpencv/0831/ws/install) by extensions ['ignore', 'ignore_ament_install']
[0.398s] Level 1:colcon.colcon_core.package_identification:_identify(/home/epsilon/LOpencv/0831/ws/install) by extension 'ignore'
[0.398s] Level 1:colcon.colcon_core.package_identification:_identify(/home/epsilon/LOpencv/0831/ws/install) ignored
[0.398s] Level 1:colcon.colcon_core.package_identification:_identify(/home/epsilon/LOpencv/0831/ws/log) by extensions ['ignore', 'ignore_ament_install']
[0.398s] Level 1:colcon.colcon_core.package_identification:_identify(/home/epsilon/LOpencv/0831/ws/log) by extension 'ignore'
[0.398s] Level 1:colcon.colcon_core.package_identification:_identify(/home/epsilon/LOpencv/0831/ws/log) ignored
[0.398s] Level 1:colcon.colcon_core.package_identification:_identify(/home/epsilon/LOpencv/0831/ws/src) by extensions ['ignore', 'ignore_ament_install']
[0.399s] Level 1:colcon.colcon_core.package_identification:_identify(/home/epsilon/LOpencv/0831/ws/src) by extension 'ignore'
[0.399s] Level 1:colcon.colcon_core.package_identification:_identify(/home/epsilon/LOpencv/0831/ws/src) by extension 'ignore_ament_install'
[0.399s] Level 1:colcon.colcon_core.package_identification:_identify(/home/epsilon/LOpencv/0831/ws/src) by extensions ['colcon_pkg']
[0.399s] Level 1:colcon.colcon_core.package_identification:_identify(/home/epsilon/LOpencv/0831/ws/src) by extension 'colcon_pkg'
[0.399s] Level 1:colcon.colcon_core.package_identification:_identify(/home/epsilon/LOpencv/0831/ws/src) by extensions ['colcon_meta']
[0.399s] Level 1:colcon.colcon_core.package_identification:_identify(/home/epsilon/LOpencv/0831/ws/src) by extension 'colcon_meta'
[0.399s] Level 1:colcon.colcon_core.package_identification:_identify(/home/epsilon/LOpencv/0831/ws/src) by extensions ['ros']
[0.399s] Level 1:colcon.colcon_core.package_identification:_identify(/home/epsilon/LOpencv/0831/ws/src) by extension 'ros'
[0.399s] Level 1:colcon.colcon_core.package_identification:_identify(/home/epsilon/LOpencv/0831/ws/src) by extensions ['cmake', 'python']
[0.399s] Level 1:colcon.colcon_core.package_identification:_identify(/home/epsilon/LOpencv/0831/ws/src) by extension 'cmake'
[0.399s] Level 1:colcon.colcon_core.package_identification:_identify(/home/epsilon/LOpencv/0831/ws/src) by extension 'python'
[0.399s] Level 1:colcon.colcon_core.package_identification:_identify(/home/epsilon/LOpencv/0831/ws/src) by extensions ['python_setup_py']
[0.399s] Level 1:colcon.colcon_core.package_identification:_identify(/home/epsilon/LOpencv/0831/ws/src) by extension 'python_setup_py'
[0.399s] Level 1:colcon.colcon_core.package_identification:_identify(/home/epsilon/LOpencv/0831/ws/src/01) by extensions ['ignore', 'ignore_ament_install']
[0.399s] Level 1:colcon.colcon_core.package_identification:_identify(/home/epsilon/LOpencv/0831/ws/src/01) by extension 'ignore'
[0.399s] Level 1:colcon.colcon_core.package_identification:_identify(/home/epsilon/LOpencv/0831/ws/src/01) by extension 'ignore_ament_install'
[0.399s] Level 1:colcon.colcon_core.package_identification:_identify(/home/epsilon/LOpencv/0831/ws/src/01) by extensions ['colcon_pkg']
[0.399s] Level 1:colcon.colcon_core.package_identification:_identify(/home/epsilon/LOpencv/0831/ws/src/01) by extension 'colcon_pkg'
[0.399s] Level 1:colcon.colcon_core.package_identification:_identify(/home/epsilon/LOpencv/0831/ws/src/01) by extensions ['colcon_meta']
[0.399s] Level 1:colcon.colcon_core.package_identification:_identify(/home/epsilon/LOpencv/0831/ws/src/01) by extension 'colcon_meta'
[0.399s] Level 1:colcon.colcon_core.package_identification:_identify(/home/epsilon/LOpencv/0831/ws/src/01) by extensions ['ros']
[0.399s] Level 1:colcon.colcon_core.package_identification:_identify(/home/epsilon/LOpencv/0831/ws/src/01) by extension 'ros'
[0.401s] DEBUG:colcon.colcon_core.package_identification:Package '/home/epsilon/LOpencv/0831/ws/src/01' with type 'ros.ament_cmake' and name '01'
[0.401s] Level 1:colcon.colcon_core.package_discovery:discover_packages(recursive) using defaults
