-- Found ament_cmake: 1.3.14 (/opt/ros/humble/share/ament_cmake/cmake)
-- Found rclcpp: 16.0.19 (/opt/ros/humble/share/rclcpp/cmake)
-- Found rosidl_generator_c: 3.1.9 (/opt/ros/humble/share/rosidl_generator_c/cmake)
-- Found rosidl_adapter: 3.1.9 (/opt/ros/humble/share/rosidl_adapter/cmake)
-- Found rosidl_generator_cpp: 3.1.9 (/opt/ros/humble/share/rosidl_generator_cpp/cmake)
-- Using all available rosidl_typesupport_c: rosidl_typesupport_fastrtps_c;rosidl_typesupport_introspection_c
-- Using all available rosidl_typesupport_cpp: rosidl_typesupport_fastrtps_cpp;rosidl_typesupport_introspection_cpp
-- Found rmw_implementation_cmake: 6.1.3 (/opt/ros/humble/share/rmw_implementation_cmake/cmake)
-- Found rmw_fastrtps_cpp: 6.2.10 (/opt/ros/humble/share/rmw_fastrtps_cpp/cmake)
-- Using RMW implementation 'rmw_fastrtps_cpp' as default
-- Found sensor_msgs: 4.9.2 (/opt/ros/humble/share/sensor_msgs/cmake)
-- Found cv_bridge: 3.2.1 (/opt/ros/humble/share/cv_bridge/cmake)
-- Found ament_lint_auto: 0.12.15 (/opt/ros/humble/share/ament_lint_auto/cmake)
WARNING: Package name "01" does not follow the naming conventions. It should start with a lower case letter and only contain lower case letters, digits, underscores, and dashes.
-- Added test 'cppcheck' to perform static code analysis on C / C++ code
-- Configured cppcheck include dirs: 
-- Configured cppcheck exclude dirs and/or files: 
-- Added test 'flake8' to check Python code syntax and style conventions
-- Added test 'lint_cmake' to check CMake code style
-- Added test 'pep257' to check Python code against some of the docstring style conventions in PEP 257
-- Added test 'uncrustify' to check C / C++ code style
-- Configured uncrustify additional arguments: 
-- Added test 'xmllint' to check XML markup files
-- Configuring done
-- Generating done
-- Build files have been written to: /home/epsilon/LOpencv/0901/ws/build/01
[35m[1mConsolidate compiler generated dependencies of target Sub_node[0m
[35m[1mConsolidate compiler generated dependencies of target Pub_node[0m
[ 50%] Built target Sub_node
[100%] Built target Pub_node
-- Install configuration: ""
-- Installing: /home/epsilon/LOpencv/0901/ws/install/01/share/01/launch
-- Installing: /home/epsilon/LOpencv/0901/ws/install/01/share/01/launch/launch.py
-- Up-to-date: /home/epsilon/LOpencv/0901/ws/install/01/lib/01/Pub_node
-- Up-to-date: /home/epsilon/LOpencv/0901/ws/install/01/lib/01/Sub_node
-- Up-to-date: /home/epsilon/LOpencv/0901/ws/install/01/share/ament_index/resource_index/package_run_dependencies/01
-- Installing: /home/epsilon/LOpencv/0901/ws/install/01/share/ament_index/resource_index/parent_prefix_path/01
-- Up-to-date: /home/epsilon/LOpencv/0901/ws/install/01/share/01/environment/ament_prefix_path.sh
-- Installing: /home/epsilon/LOpencv/0901/ws/install/01/share/01/environment/ament_prefix_path.dsv
-- Up-to-date: /home/epsilon/LOpencv/0901/ws/install/01/share/01/environment/path.sh
-- Installing: /home/epsilon/LOpencv/0901/ws/install/01/share/01/environment/path.dsv
-- Up-to-date: /home/epsilon/LOpencv/0901/ws/install/01/share/01/local_setup.bash
-- Up-to-date: /home/epsilon/LOpencv/0901/ws/install/01/share/01/local_setup.sh
-- Up-to-date: /home/epsilon/LOpencv/0901/ws/install/01/share/01/local_setup.zsh
-- Installing: /home/epsilon/LOpencv/0901/ws/install/01/share/01/local_setup.dsv
-- Installing: /home/epsilon/LOpencv/0901/ws/install/01/share/01/package.dsv
-- Up-to-date: /home/epsilon/LOpencv/0901/ws/install/01/share/ament_index/resource_index/packages/01
-- Up-to-date: /home/epsilon/LOpencv/0901/ws/install/01/share/01/cmake/01Config.cmake
-- Up-to-date: /home/epsilon/LOpencv/0901/ws/install/01/share/01/cmake/01Config-version.cmake
-- Up-to-date: /home/epsilon/LOpencv/0901/ws/install/01/share/01/package.xml
