[0.012s] Invoking command in '/home/epsilon/LOpencv/0901/ws/build/01': CMAKE_PREFIX_PATH=${CMAKE_PREFIX_PATH}:/opt/ros/humble /usr/bin/cmake --build /home/epsilon/LOpencv/0901/ws/build/01 -- -j24 -l24
[0.086s] -- Found ament_cmake: 1.3.14 (/opt/ros/humble/share/ament_cmake/cmake)
[0.182s] -- Found rclcpp: 16.0.19 (/opt/ros/humble/share/rclcpp/cmake)
[0.376s] -- Found rosidl_generator_c: 3.1.9 (/opt/ros/humble/share/rosidl_generator_c/cmake)
[0.379s] -- Found rosidl_adapter: 3.1.9 (/opt/ros/humble/share/rosidl_adapter/cmake)
[0.386s] -- Found rosidl_generator_cpp: 3.1.9 (/opt/ros/humble/share/rosidl_generator_cpp/cmake)
[0.397s] -- Using all available rosidl_typesupport_c: rosidl_typesupport_fastrtps_c;rosidl_typesupport_introspection_c
[0.412s] -- Using all available rosidl_typesupport_cpp: rosidl_typesupport_fastrtps_cpp;rosidl_typesupport_introspection_cpp
[0.445s] -- Found rmw_implementation_cmake: 6.1.3 (/opt/ros/humble/share/rmw_implementation_cmake/cmake)
[0.447s] -- Found rmw_fastrtps_cpp: 6.2.10 (/opt/ros/humble/share/rmw_fastrtps_cpp/cmake)
[8.994s] -- Using RMW implementation 'rmw_fastrtps_cpp' as default
[9.060s] -- Found sensor_msgs: 4.9.2 (/opt/ros/humble/share/sensor_msgs/cmake)
[9.090s] -- Found cv_bridge: 3.2.1 (/opt/ros/humble/share/cv_bridge/cmake)
[9.111s] -- Found ament_lint_auto: 0.12.15 (/opt/ros/humble/share/ament_lint_auto/cmake)
[9.148s] WARNING: Package name "01" does not follow the naming conventions. It should start with a lower case letter and only contain lower case letters, digits, underscores, and dashes.
[9.173s] -- Added test 'cppcheck' to perform static code analysis on C / C++ code
[9.173s] -- Configured cppcheck include dirs: 
[9.173s] -- Configured cppcheck exclude dirs and/or files: 
[9.173s] -- Added test 'flake8' to check Python code syntax and style conventions
[9.174s] -- Added test 'lint_cmake' to check CMake code style
[9.174s] -- Added test 'pep257' to check Python code against some of the docstring style conventions in PEP 257
[9.175s] -- Added test 'uncrustify' to check C / C++ code style
[9.176s] -- Configured uncrustify additional arguments: 
[9.176s] -- Added test 'xmllint' to check XML markup files
[9.181s] -- Configuring done
[9.198s] -- Generating done
[9.205s] -- Build files have been written to: /home/epsilon/LOpencv/0901/ws/build/01
[9.223s] [35m[1mConsolidate compiler generated dependencies of target Sub_node[0m
[9.223s] [35m[1mConsolidate compiler generated dependencies of target Pub_node[0m
[9.236s] [ 50%] Built target Sub_node
[9.246s] [100%] Built target Pub_node
[9.253s] Invoked command in '/home/epsilon/LOpencv/0901/ws/build/01' returned '0': CMAKE_PREFIX_PATH=${CMAKE_PREFIX_PATH}:/opt/ros/humble /usr/bin/cmake --build /home/epsilon/LOpencv/0901/ws/build/01 -- -j24 -l24
[9.260s] Invoking command in '/home/epsilon/LOpencv/0901/ws/build/01': CMAKE_PREFIX_PATH=${CMAKE_PREFIX_PATH}:/opt/ros/humble /usr/bin/cmake --install /home/epsilon/LOpencv/0901/ws/build/01
[9.264s] -- Install configuration: ""
[9.264s] -- Installing: /home/epsilon/LOpencv/0901/ws/install/01/share/01/launch
[9.264s] -- Installing: /home/epsilon/LOpencv/0901/ws/install/01/share/01/launch/launch.py
[9.266s] -- Up-to-date: /home/epsilon/LOpencv/0901/ws/install/01/lib/01/Pub_node
[9.267s] -- Up-to-date: /home/epsilon/LOpencv/0901/ws/install/01/lib/01/Sub_node
[9.267s] -- Up-to-date: /home/epsilon/LOpencv/0901/ws/install/01/share/ament_index/resource_index/package_run_dependencies/01
[9.267s] -- Installing: /home/epsilon/LOpencv/0901/ws/install/01/share/ament_index/resource_index/parent_prefix_path/01
[9.267s] -- Up-to-date: /home/epsilon/LOpencv/0901/ws/install/01/share/01/environment/ament_prefix_path.sh
[9.268s] -- Installing: /home/epsilon/LOpencv/0901/ws/install/01/share/01/environment/ament_prefix_path.dsv
[9.268s] -- Up-to-date: /home/epsilon/LOpencv/0901/ws/install/01/share/01/environment/path.sh
[9.268s] -- Installing: /home/epsilon/LOpencv/0901/ws/install/01/share/01/environment/path.dsv
[9.268s] -- Up-to-date: /home/epsilon/LOpencv/0901/ws/install/01/share/01/local_setup.bash
[9.268s] -- Up-to-date: /home/epsilon/LOpencv/0901/ws/install/01/share/01/local_setup.sh
[9.271s] -- Up-to-date: /home/epsilon/LOpencv/0901/ws/install/01/share/01/local_setup.zsh
[9.272s] -- Installing: /home/epsilon/LOpencv/0901/ws/install/01/share/01/local_setup.dsv
[9.272s] -- Installing: /home/epsilon/LOpencv/0901/ws/install/01/share/01/package.dsv
[9.273s] -- Up-to-date: /home/epsilon/LOpencv/0901/ws/install/01/share/ament_index/resource_index/packages/01
[9.273s] -- Up-to-date: /home/epsilon/LOpencv/0901/ws/install/01/share/01/cmake/01Config.cmake
[9.273s] -- Up-to-date: /home/epsilon/LOpencv/0901/ws/install/01/share/01/cmake/01Config-version.cmake
[9.273s] -- Up-to-date: /home/epsilon/LOpencv/0901/ws/install/01/share/01/package.xml
[9.273s] Invoked command in '/home/epsilon/LOpencv/0901/ws/build/01' returned '0': CMAKE_PREFIX_PATH=${CMAKE_PREFIX_PATH}:/opt/ros/humble /usr/bin/cmake --install /home/epsilon/LOpencv/0901/ws/build/01
