[0.012s] Invoking command in '/home/epsilon/LOpencv/0901/ws/build/01': CMAKE_PREFIX_PATH=${CMAKE_PREFIX_PATH}:/opt/ros/humble /usr/bin/cmake --build /home/epsilon/LOpencv/0901/ws/build/01 -- -j24 -l24
[0.122s] [35m[1mConsolidate compiler generated dependencies of target Sub_node[0m
[0.128s] [ 25%] [32mBuilding CXX object CMakeFiles/Pub_node.dir/src/Pub.cpp.o[0m
[0.138s] [ 50%] [32mBuilding CXX object CMakeFiles/Sub_node.dir/src/Sub.cpp.o[0m
[4.278s] [ 75%] [32m[1mLinking CXX executable Pub_node[0m
[4.968s] [ 75%] Built target Pub_node
[7.712s] [100%] [32m[1mLinking CXX executable Sub_node[0m
[8.497s] [100%] Built target Sub_node
[8.507s] Invoked command in '/home/epsilon/LOpencv/0901/ws/build/01' returned '0': CMAKE_PREFIX_PATH=${CMAKE_PREFIX_PATH}:/opt/ros/humble /usr/bin/cmake --build /home/epsilon/LOpencv/0901/ws/build/01 -- -j24 -l24
[8.512s] Invoking command in '/home/epsilon/LOpencv/0901/ws/build/01': CMAKE_PREFIX_PATH=${CMAKE_PREFIX_PATH}:/opt/ros/humble /usr/bin/cmake --install /home/epsilon/LOpencv/0901/ws/build/01
[8.520s] -- Install configuration: ""
[8.520s] -- Installing: /home/epsilon/LOpencv/0901/ws/install/01/lib/01/Pub_node
[8.527s] -- Set runtime path of "/home/epsilon/LOpencv/0901/ws/install/01/lib/01/Pub_node" to ""
[8.527s] -- Installing: /home/epsilon/LOpencv/0901/ws/install/01/lib/01/Sub_node
[8.540s] -- Set runtime path of "/home/epsilon/LOpencv/0901/ws/install/01/lib/01/Sub_node" to ""
[8.540s] -- Up-to-date: /home/epsilon/LOpencv/0901/ws/install/01/share/ament_index/resource_index/package_run_dependencies/01
[8.540s] -- Up-to-date: /home/epsilon/LOpencv/0901/ws/install/01/share/ament_index/resource_index/parent_prefix_path/01
[8.541s] -- Up-to-date: /home/epsilon/LOpencv/0901/ws/install/01/share/01/environment/ament_prefix_path.sh
[8.541s] -- Up-to-date: /home/epsilon/LOpencv/0901/ws/install/01/share/01/environment/ament_prefix_path.dsv
[8.541s] -- Up-to-date: /home/epsilon/LOpencv/0901/ws/install/01/share/01/environment/path.sh
[8.541s] -- Up-to-date: /home/epsilon/LOpencv/0901/ws/install/01/share/01/environment/path.dsv
[8.541s] -- Up-to-date: /home/epsilon/LOpencv/0901/ws/install/01/share/01/local_setup.bash
[8.541s] -- Up-to-date: /home/epsilon/LOpencv/0901/ws/install/01/share/01/local_setup.sh
[8.541s] -- Up-to-date: /home/epsilon/LOpencv/0901/ws/install/01/share/01/local_setup.zsh
[8.541s] -- Up-to-date: /home/epsilon/LOpencv/0901/ws/install/01/share/01/local_setup.dsv
[8.541s] -- Installing: /home/epsilon/LOpencv/0901/ws/install/01/share/01/package.dsv
[8.541s] -- Up-to-date: /home/epsilon/LOpencv/0901/ws/install/01/share/ament_index/resource_index/packages/01
[8.541s] -- Up-to-date: /home/epsilon/LOpencv/0901/ws/install/01/share/01/cmake/01Config.cmake
[8.541s] -- Up-to-date: /home/epsilon/LOpencv/0901/ws/install/01/share/01/cmake/01Config-version.cmake
[8.541s] -- Up-to-date: /home/epsilon/LOpencv/0901/ws/install/01/share/01/package.xml
[8.544s] Invoked command in '/home/epsilon/LOpencv/0901/ws/build/01' returned '0': CMAKE_PREFIX_PATH=${CMAKE_PREFIX_PATH}:/opt/ros/humble /usr/bin/cmake --install /home/epsilon/LOpencv/0901/ws/build/01
