[0.017s] Invoking command in '/home/epsilon/LOpencv/0901/ws/build/01': CMAKE_PREFIX_PATH=/opt/ros/humble /usr/bin/cmake --build /home/epsilon/LOpencv/0901/ws/build/01 -- -j24 -l24
[0.043s] [35m[1mConsolidate compiler generated dependencies of target Pub_node[0m
[0.043s] [35m[1mConsolidate compiler generated dependencies of target Sub_node[0m
[0.056s] [ 50%] [32mBuilding CXX object CMakeFiles/Sub_node.dir/src/Sub.cpp.o[0m
[0.057s] [ 75%] Built target Pub_node
[5.571s] [100%] [32m[1mLinking CXX executable Sub_node[0m
[5.902s] [100%] Built target Sub_node
[5.914s] Invoked command in '/home/epsilon/LOpencv/0901/ws/build/01' returned '0': CMAKE_PREFIX_PATH=/opt/ros/humble /usr/bin/cmake --build /home/epsilon/LOpencv/0901/ws/build/01 -- -j24 -l24
[5.918s] Invoking command in '/home/epsilon/LOpencv/0901/ws/build/01': CMAKE_PREFIX_PATH=/opt/ros/humble /usr/bin/cmake --install /home/epsilon/LOpencv/0901/ws/build/01
[5.922s] -- Install configuration: ""
[5.922s] -- Installing: /home/epsilon/LOpencv/0901/ws/install/01/lib/01/Pub_node
[5.924s] -- Set runtime path of "/home/epsilon/LOpencv/0901/ws/install/01/lib/01/Pub_node" to ""
[5.924s] -- Installing: /home/epsilon/LOpencv/0901/ws/install/01/lib/01/Sub_node
[5.925s] -- Set runtime path of "/home/epsilon/LOpencv/0901/ws/install/01/lib/01/Sub_node" to ""
[5.925s] -- Installing: /home/epsilon/LOpencv/0901/ws/install/01/share/ament_index/resource_index/package_run_dependencies/01
[5.926s] -- Installing: /home/epsilon/LOpencv/0901/ws/install/01/share/ament_index/resource_index/parent_prefix_path/01
[5.926s] -- Installing: /home/epsilon/LOpencv/0901/ws/install/01/share/01/environment/ament_prefix_path.sh
[5.926s] -- Installing: /home/epsilon/LOpencv/0901/ws/install/01/share/01/environment/ament_prefix_path.dsv
[5.926s] -- Installing: /home/epsilon/LOpencv/0901/ws/install/01/share/01/environment/path.sh
[5.926s] -- Installing: /home/epsilon/LOpencv/0901/ws/install/01/share/01/environment/path.dsv
[5.926s] -- Installing: /home/epsilon/LOpencv/0901/ws/install/01/share/01/local_setup.bash
[5.926s] -- Installing: /home/epsilon/LOpencv/0901/ws/install/01/share/01/local_setup.sh
[5.926s] -- Installing: /home/epsilon/LOpencv/0901/ws/install/01/share/01/local_setup.zsh
[5.926s] -- Installing: /home/epsilon/LOpencv/0901/ws/install/01/share/01/local_setup.dsv
[5.926s] -- Installing: /home/epsilon/LOpencv/0901/ws/install/01/share/01/package.dsv
[5.927s] -- Installing: /home/epsilon/LOpencv/0901/ws/install/01/share/ament_index/resource_index/packages/01
[5.927s] -- Installing: /home/epsilon/LOpencv/0901/ws/install/01/share/01/cmake/01Config.cmake
[5.927s] -- Installing: /home/epsilon/LOpencv/0901/ws/install/01/share/01/cmake/01Config-version.cmake
[5.927s] -- Installing: /home/epsilon/LOpencv/0901/ws/install/01/share/01/package.xml
[5.928s] Invoked command in '/home/epsilon/LOpencv/0901/ws/build/01' returned '0': CMAKE_PREFIX_PATH=/opt/ros/humble /usr/bin/cmake --install /home/epsilon/LOpencv/0901/ws/build/01
